C51 COMPILER V9.00   CARSTAND                                                              12/09/2016 11:53:35 PAGE 1   


C51 COMPILER V9.00, COMPILATION OF MODULE CARSTAND
OBJECT MODULE PLACED IN .\Output\carstand.obj
COMPILER INVOKED BY: D:\KeilC51\C51\BIN\C51.EXE Appcode\carstand.c LARGE BROWSE INCDIR(.\Common\inc;.\Driver\inc;.\BSP;.
                    -\Appcode;.\Startup) DEBUG OBJECTEXTEND PRINT(.\Listing\carstand.lst) OBJECT(.\Output\carstand.obj)

line level    source

   1          /********************************************************************
   2          作者：Songyimiao
   3          建立日期: 20151129
   4          版本：V2.0
   5          喵呜实验室版权所有
   6          /********************************************************************/
   7          #include "includes.h"
   8          
   9          //unsigned int xdata g_uiStartCount;/
  10          //unsigned char xdata g_ucLEDCount;
  11          
  12          
  13          /***************************************************************
  14          ** 作　  者: Songyimiao
  15          ** 官    网：http://www.miaowlabs.com
  16          ** 淘    宝：http://miaowlabs.taobao.com
  17          ** 日　  期: 2015年11月29日
  18          ** 函数名称: DriversInit
  19          ** 功能描述: 底层驱动初始化            
  20          ** 输　  入:   
  21          ** 输　  出:   
  22          ** 备    注: 
  23          ********************喵呜实验室版权所有**************************
  24          ***************************************************************/
  25          void DriversInit(void)
  26          {
  27   1      
  28   1              GPIOInit();
  29   1              Timer1Init();
  30   1              //PWMInit();
  31   1              Uart1Init();
  32   1              //Uart2Init();
  33   1              //Timer3Timer4Init();
  34   1      
  35   1      }
  36          
  37          
  38          
  39          


MODULE INFORMATION:   STATIC OVERLAYABLE
   CODE SIZE        =      9    ----
   CONSTANT SIZE    =   ----    ----
   XDATA SIZE       =   ----    ----
   PDATA SIZE       =   ----    ----
   DATA SIZE        =   ----    ----
   IDATA SIZE       =   ----    ----
   BIT SIZE         =   ----    ----
END OF MODULE INFORMATION.


C51 COMPILATION COMPLETE.  0 WARNING(S),  0 ERROR(S)
