C51 COMPILER V9.00   DISPLAY                                                               12/12/2016 14:51:46 PAGE 1   


C51 COMPILER V9.00, COMPILATION OF MODULE DISPLAY
OBJECT MODULE PLACED IN .\Output\display.obj
COMPILER INVOKED BY: D:\KeilC51\C51\BIN\C51.EXE Appcode\display.c LARGE BROWSE INCDIR(.\Common\inc;.\Driver\inc;.\BSP;.\
                    -Appcode;.\Startup) DEBUG OBJECTEXTEND PRINT(.\Listing\display.lst) OBJECT(.\Output\display.obj)

line level    source

   1          #include "includes.h"
   2          #include "bmp.h"
   3          
   4          
   5          extern unsigned char g_Lock;
   6          
   7          void ShowLOGO(void)
   8          {
   9   1              OLED_DrawBMP(0,0,128,8,LOGO);  //图片显示
  10   1      }
  11          
  12          void ShowBattery(void)
  13          {
  14   1              float batVolt=0;
  15   1      
  16   1              batVolt =  RemoteBatteryChecker();
  17   1              if (batVolt > 3.0)
  18   1                      OLED_DrawConvertBMP(112, 0, 128, 2, BAT_100_BMP);
  19   1              else if (batVolt > 2.8)         
  20   1                      OLED_DrawConvertBMP(112, 0, 128, 2, BAT_80_BMP);
  21   1              else if (batVolt > 2.6)
  22   1                      OLED_DrawConvertBMP(112, 0, 128, 2, BAT_60_BMP);
  23   1              else if (batVolt > 2.4)
  24   1                      OLED_DrawConvertBMP(112, 0, 128, 2, BAT_40_BMP);
  25   1              else if (batVolt > 2.2)
  26   1                      OLED_DrawConvertBMP(112, 0, 128, 2, BAT_20_BMP);
  27   1              else
  28   1                      OLED_DrawConvertBMP(112, 0, 128, 2, BAT_00_BMP);
  29   1      }
  30          
  31          
  32          void ShowLockStat(void)
  33          {
  34   1              if(g_Lock == 0){
  35   2                      OLED_DrawConvertBMP(112, 2, 128, 4, UNLOCK_BMP);
  36   2              }
  37   1              else 
  38   1                      OLED_DrawConvertBMP(112, 2, 128, 4, LOCK_BMP);
  39   1      }
  40          
  41          void ShowRuning(void)
  42          {
  43   1              static char i = 0;
  44   1              
  45   1              OLED_DrawConvertBMP(112, 4, 128, 6, RUN_BMP[i]);
  46   1      
  47   1              i++;
  48   1              if (i >= 4) i = 0;
  49   1      }
  50          
  51          void ShowHomePageInit(void)
  52          {
  53   1              OLED_ShowString(0, 0, "Roll:  0.0    ");
  54   1              OLED_ShowString(0, 2, "Pitch: 0.0    ");
C51 COMPILER V9.00   DISPLAY                                                               12/12/2016 14:51:46 PAGE 2   

  55   1              OLED_ShowString(0, 4, "Yaw:   0.0    ");
  56   1              OLED_ShowString(0, 6, "Power: 0.0V   ");
  57   1              ShowBattery();
  58   1              ShowLockStat();
  59   1              ShowRuning();
  60   1              OLED_DrawBMP(112, 6, 128, 8, BLACK_FILL_BMP);
  61   1      }
  62          
  63          extern char RxBuf[];
  64          void ShowHomePage(void)
  65          {
  66   1              float ftemp = 0;
  67   1              char buff[16];
  68   1              static unsigned char  AlarmCnt = 0;
  69   1              static char step = 0;
  70   1      
  71   1              step++;
  72   1              if(step >= 4)step = 0;
  73   1      
  74   1              //分步执行，缩短单次刷屏时间
  75   1              if(step == 0){
  76   2                      ftemp = (float)RxBuf[1]/1.0; // Roll
  77   2                      sprintf(buff, "Roll:  %.1f    ", ftemp);
  78   2                      buff[14] = '\0';
  79   2                      OLED_ShowString(0, 0, buff);
  80   2      
  81   2                      ShowBattery();
  82   2              }
  83   1      
  84   1              if(step == 1){
  85   2                      ftemp= (float)RxBuf[2]/1.0;     //      Pitch
  86   2                      sprintf(buff, "Pitch: %.1f    ",ftemp);
  87   2                      buff[14] = '\0';
  88   2                      OLED_ShowString(0, 2, buff);
  89   2      
  90   2                      ShowLockStat();
  91   2              }
  92   1      
  93   1              if(step == 2){
  94   2                      ftemp=(float)RxBuf[0]/10.0;     // Power
  95   2                      sprintf(buff, "Power: %.1fV    ",ftemp);
  96   2                      buff[14] = '\0';
  97   2      
  98   2                      if (IsLittleBuzzLowPowerAlarm())
  99   2                      {
 100   3                              AlarmCnt++;
 101   3                              if (AlarmCnt >= 5 ){
 102   4                                      if (AlarmCnt >= 10)AlarmCnt = 0;
 103   4                                      OLED_ShowString(0, 6, "Power:        ");
 104   4                              }
 105   3                              else
 106   3                                      OLED_ShowString(0, 6, buff);    
 107   3                      }
 108   2                      else
 109   2                              OLED_ShowString(0, 6, buff);
 110   2                      
 111   2              }
 112   1              
 113   1              if(step == 3){
 114   2                      OLED_ShowString(0, 4, "Yaw:   0.0    ");
 115   2                      OLED_DrawBMP(112, 6, 128, 8, BLACK_FILL_BMP);
 116   2              }
C51 COMPILER V9.00   DISPLAY                                                               12/12/2016 14:51:46 PAGE 3   

 117   1      
 118   1              ShowRuning();
 119   1      
 120   1      }
 121          
 122          


MODULE INFORMATION:   STATIC OVERLAYABLE
   CODE SIZE        =    899    ----
   CONSTANT SIZE    =   1564    ----
   XDATA SIZE       =      3      24
   PDATA SIZE       =   ----    ----
   DATA SIZE        =   ----    ----
   IDATA SIZE       =   ----    ----
   BIT SIZE         =   ----    ----
END OF MODULE INFORMATION.


C51 COMPILATION COMPLETE.  0 WARNING(S),  0 ERROR(S)
