C51 COMPILER V9.00   OLED                                                                  12/22/2016 15:12:21 PAGE 1   


C51 COMPILER V9.00, COMPILATION OF MODULE OLED
OBJECT MODULE PLACED IN .\Output\oled.obj
COMPILER INVOKED BY: d:\Keil\C51\BIN\C51.EXE Common\src\oled.c LARGE BROWSE INCDIR(.\Common\inc;.\Driver\inc;.\BSP;.\App
                    -code;.\Startup) DEBUG OBJECTEXTEND PRINT(.\Listing\oled.lst) OBJECT(.\Output\oled.obj)

line level    source

   1          /*****************************************************************************   
   2          //本程序只供学习使用，未经作者许可，不得用于其它任何用途
   3          //  文 件 名   : OLED.c
   4          //  版 本 号   : v2.0
   5          //  作    者   : 
   6          //  生成日期   : 2016-0525
   7          //  最近修改   : 
   8          //  功能描述   : OLED 4接口演示例程(51系列)
   9          //              说明: 
  10          //              --------------------------------------------------------------
  11          //              GND    电源地
  12          //              VCC  接5V或3.3v电源
  13          //              SCL   P1^0
  14          //              SDA   P1^1
  15          //              RES  接P12
  16          //              DC   接P13
  17          //              CS   接P14   -----本模块片选脚已经帮用户接地，无需再接               
  18          //              --------------------------------------------------------------
  19          ******************************************************************************/
  20          #include "oled.h"
  21          #include "oledfont.h"    
  22          /*****************************************************
  23                     延时函数
  24          *****************************************************/   
  25          void delay_ms(unsigned int n)
  26          {
  27   1         unsigned char i, j;
  28   1         unsigned int k;
  29   1      
  30   1         for(k=0;k<n;k++)
  31   1         {
  32   2                      i = 20;
  33   2                      j = 113;
  34   2                      do
  35   2                      {
  36   3                              while (--j);
  37   3                      } while (--i);
  38   2              }
  39   1      }
  40          /*****************************************************
  41          //向SSD1306写入一个字节。
  42          //dat:要写入的数据/命令
  43          //cmd:数据/命令标志 0,表示命令;1,表示数据;
  44          *****************************************************/
  45          void OLED_WR_Byte(u8 dat,u8 cmd)
  46          {       
  47   1              u8 i;                     
  48   1              if(cmd)
  49   1                OLED_DC_Set();
  50   1              else 
  51   1                OLED_DC_Clr();                  
  52   1              OLED_CS_Clr();
  53   1      
  54   1              for(i=0;i<8;i++)
C51 COMPILER V9.00   OLED                                                                  12/22/2016 15:12:21 PAGE 2   

  55   1              {                         
  56   2                      OLED_SCLK_Clr();
  57   2                      if(dat&0x80)
  58   2                      {
  59   3                         OLED_SDIN_Set();
  60   3                      }
  61   2      else
  62   2                      OLED_SDIN_Clr();
  63   2                      OLED_SCLK_Set();
  64   2                      dat<<=1;   
  65   2              }                                                 
  66   1              
  67   1              OLED_CS_Set();
  68   1              OLED_DC_Set();            
  69   1      } 
  70          
  71          
  72          /*****************************************************
  73          *****************************************************/
  74          void OLED_Set_Pos(unsigned char x, unsigned char y) 
  75          { 
  76   1              OLED_WR_Byte(0xb0+y,OLED_CMD);
  77   1              OLED_WR_Byte(((x&0xf0)>>4)|0x10,OLED_CMD);
  78   1              OLED_WR_Byte((x&0x0f)|0x01,OLED_CMD); 
  79   1      }         
  80          /*****************************************************
  81          开启OLED显示    
  82          *****************************************************/
  83          void OLED_Display_On(void)
  84          {
  85   1              OLED_WR_Byte(0X8D,OLED_CMD);  //SET DCDC命令
  86   1              OLED_WR_Byte(0X14,OLED_CMD);  //DCDC ON
  87   1              OLED_WR_Byte(0XAF,OLED_CMD);  //DISPLAY ON
  88   1      }
  89          /*****************************************************
  90          关闭OLED显示     
  91          *****************************************************/
  92          void OLED_Display_Off(void)
  93          {
  94   1              OLED_WR_Byte(0X8D,OLED_CMD);  //SET DCDC命令
  95   1              OLED_WR_Byte(0X10,OLED_CMD);  //DCDC OFF
  96   1              OLED_WR_Byte(0XAE,OLED_CMD);  //DISPLAY OFF
  97   1      }                                        
  98          /*****************************************************
  99          清屏函数,清完屏,整个屏幕是黑色的!和没点亮一样!!!          
 100          *****************************************************/
 101          void OLED_Clear(void)  
 102          {  
 103   1              u8 i,n;             
 104   1              for(i=0;i<8;i++)  
 105   1              {  
 106   2                      OLED_WR_Byte (0xb0+i,OLED_CMD);    //设置页地址（0~7）
 107   2                      OLED_WR_Byte (0x00,OLED_CMD);      //设置显示位置—列低地址
 108   2                      OLED_WR_Byte (0x10,OLED_CMD);      //设置显示位置—列高地址   
 109   2                      for(n=0;n<128;n++)OLED_WR_Byte(0,OLED_DATA); 
 110   2              } //更新显示
 111   1      }
 112          /*****************************************************
 113          //在指定位置显示一个字符,包括部分字符
 114          //x:0~127
 115          //y:0~63
 116          //mode:0,反白显示;1,正常显示                             
C51 COMPILER V9.00   OLED                                                                  12/22/2016 15:12:21 PAGE 3   

 117          //size:选择字体 16/12 
 118          *****************************************************/
 119          void OLED_ShowChar(u8 x,u8 y,u8 chr)
 120          {       
 121   1              unsigned char c=0,i=0;  
 122   1              c=chr-' ';//得到偏移后的值                      
 123   1              
 124   1              if(x>Max_Column-1){x=0;y=y+2;}
 125   1              if(SIZE ==16)
 126   1              {
 127   2                      OLED_Set_Pos(x,y);      
 128   2                      for(i=0;i<8;i++)
 129   2                      OLED_WR_Byte(F8X16[c*16+i],OLED_DATA);
 130   2                      OLED_Set_Pos(x,y+1);
 131   2                      for(i=0;i<8;i++)
 132   2                      OLED_WR_Byte(F8X16[c*16+i+8],OLED_DATA);
 133   2              }
 134   1              else
 135   1              {       
 136   2                      OLED_Set_Pos(x,y+1);
 137   2                      for(i=0;i<6;i++)
 138   2                              OLED_WR_Byte(F6x8[c][i],OLED_DATA);
 139   2              }
 140   1      }
 141          /*****************************************************
 142          //显示一个字符号串
 143          *****************************************************/
 144          void OLED_ShowString(u8 x,u8 y,u8 *chr)
 145          {
 146   1              unsigned char j=0;
 147   1              while (chr[j]!='\0')
 148   1              {
 149   2                      OLED_ShowChar(x,y,chr[j]);
 150   2                      x+=8;
 151   2                      if(x>120){x=0;y+=2;}
 152   2                              j++;
 153   2              }
 154   1      }
 155          
 156          /*****************************************************
 157          //显示汉字
 158          *****************************************************/
 159          void OLED_ShowCHinese(u8 x,u8 y,u8 no)
 160          {                           
 161   1              u8 t,adder=0;
 162   1              OLED_Set_Pos(x,y);      
 163   1          for(t=0;t<16;t++)
 164   1              {
 165   2                      OLED_WR_Byte(Hzk[2*no][t],OLED_DATA);
 166   2                      adder+=1;
 167   2          }   
 168   1              OLED_Set_Pos(x,y+1);    
 169   1          for(t=0;t<16;t++)
 170   1              {       
 171   2                      OLED_WR_Byte(Hzk[2*no+1][t],OLED_DATA);
 172   2                      adder+=1;
 173   2          }                                   
 174   1      }
 175          /*****************************************************
 176          能描述：显示显示BMP图片128×64起始点坐标(x,y),x的范围0～127，y为页的范围0～7
 177          *****************************************************/
 178          void OLED_DrawBMP(unsigned char x0, unsigned char y0,unsigned char x1, unsigned char y1,unsigned char BMP[
C51 COMPILER V9.00   OLED                                                                  12/22/2016 15:12:21 PAGE 4   

             -])
 179          {       
 180   1              unsigned int j=0;
 181   1              unsigned char x,y;
 182   1        
 183   1              if(y1%8==0) y=y1/8;      
 184   1              else y=y1/8+1;
 185   1              for(y=y0;y<y1;y++)
 186   1              {
 187   2                      OLED_Set_Pos(x0,y);
 188   2              for(x=x0;x<x1;x++)
 189   2                  {      
 190   3                      OLED_WR_Byte(BMP[j++],OLED_DATA);               
 191   3                  }
 192   2              }
 193   1      } 
 194          //BMP 图反显
 195          void OLED_DrawConvertBMP(unsigned char x0,unsigned char y0,unsigned char x1,unsigned char y1,unsigned char
             - BMP [ ])
 196          {
 197   1              unsigned int j=0;
 198   1              unsigned char x,y;
 199   1        
 200   1              if(y1%8==0) y=y1/8;      
 201   1              else y=y1/8+1;
 202   1              for(y=y0;y<y1;y++)
 203   1              {
 204   2                      OLED_Set_Pos(x0,y);
 205   2              for(x=x0;x<x1;x++)
 206   2                  {      
 207   3                      OLED_WR_Byte(~BMP[j++],OLED_DATA);              
 208   3                  }
 209   2              }
 210   1      }
 211          /*****************************************************
 212          //初始化SSD1306
 213          /*****************************************************/                                     
 214          void OLED_Init(void)
 215          {
 216   1              OLED_RST_Set();
 217   1              delay_ms(100);
 218   1              OLED_RST_Clr();
 219   1              delay_ms(100);
 220   1              OLED_RST_Set(); 
 221   1      
 222   1              OLED_WR_Byte(0xAE,OLED_CMD);//--turn off oled panel
 223   1              OLED_WR_Byte(0x00,OLED_CMD);//---set low column address
 224   1              OLED_WR_Byte(0x10,OLED_CMD);//---set high column address
 225   1              OLED_WR_Byte(0x40,OLED_CMD);//--set start line address  Set Mapping RAM Display Start Line (0x00~0x3F)
 226   1              OLED_WR_Byte(0x81,OLED_CMD);//--set contrast control register
 227   1              OLED_WR_Byte(0xCF,OLED_CMD); // Set SEG Output Current Brightness
 228   1              OLED_WR_Byte(0xA1,OLED_CMD);//--Set SEG/Column Mapping     0xa0左右反置 0xa1正常
 229   1              OLED_WR_Byte(0xC8,OLED_CMD);//Set COM/Row Scan Direction   0xc0上下反置 0xc8正常
 230   1              OLED_WR_Byte(0xA6,OLED_CMD);//--set normal display
 231   1              OLED_WR_Byte(0xA8,OLED_CMD);//--set multiplex ratio(1 to 64)
 232   1              OLED_WR_Byte(0x3f,OLED_CMD);//--1/64 duty
 233   1              OLED_WR_Byte(0xD3,OLED_CMD);//-set display offset       Shift Mapping RAM Counter (0x00~0x3F)
 234   1              OLED_WR_Byte(0x00,OLED_CMD);//-not offset
 235   1              OLED_WR_Byte(0xd5,OLED_CMD);//--set display clock divide ratio/oscillator frequency
 236   1              OLED_WR_Byte(0x80,OLED_CMD);//--set divide ratio, Set Clock as 100 Frames/Sec
 237   1              OLED_WR_Byte(0xD9,OLED_CMD);//--set pre-charge period
 238   1              OLED_WR_Byte(0xF1,OLED_CMD);//Set Pre-Charge as 15 Clocks & Discharge as 1 Clock
C51 COMPILER V9.00   OLED                                                                  12/22/2016 15:12:21 PAGE 5   

 239   1              OLED_WR_Byte(0xDA,OLED_CMD);//--set com pins hardware configuration
 240   1              OLED_WR_Byte(0x12,OLED_CMD);
 241   1              OLED_WR_Byte(0xDB,OLED_CMD);//--set vcomh
 242   1              OLED_WR_Byte(0x40,OLED_CMD);//Set VCOM Deselect Level
 243   1              OLED_WR_Byte(0x20,OLED_CMD);//-Set Page Addressing Mode (0x00/0x01/0x02)
 244   1              OLED_WR_Byte(0x02,OLED_CMD);//
 245   1              OLED_WR_Byte(0x8D,OLED_CMD);//--set Charge Pump enable/disable
 246   1              OLED_WR_Byte(0x14,OLED_CMD);//--set(0x10) disable
 247   1              OLED_WR_Byte(0xA4,OLED_CMD);// Disable Entire Display On (0xa4/0xa5)
 248   1              OLED_WR_Byte(0xA6,OLED_CMD);// Disable Inverse Display On (0xa6/a7) 
 249   1              OLED_WR_Byte(0xAF,OLED_CMD);//--turn on oled panel
 250   1              
 251   1              OLED_WR_Byte(0xAF,OLED_CMD); /*display ON*/ 
 252   1      
 253   1              OLED_Clear();
 254   1              OLED_Set_Pos(0,0);      
 255   1      }  
 256          


MODULE INFORMATION:   STATIC OVERLAYABLE
   CODE SIZE        =    895    ----
   CONSTANT SIZE    =   2776    ----
   XDATA SIZE       =   ----      27
   PDATA SIZE       =   ----    ----
   DATA SIZE        =   ----    ----
   IDATA SIZE       =   ----    ----
   BIT SIZE         =   ----    ----
END OF MODULE INFORMATION.


C51 COMPILATION COMPLETE.  0 WARNING(S),  0 ERROR(S)
